#
# DCACHE stats with L2 and LRU replacement:
#
# L1 Data Cache:
# Load-Hits:               158111   93.93%
# Load-Misses:              10219    6.07%
# Load-Accesses:           168330  100.00%
# 
# Store-Hits:               72637   95.90%
# Store-Misses:              3108    4.10%
# Store-Accesses:           75745  100.00%
# 
# Total-Hits:              230748   94.54%
# Total-Misses:             13327    5.46%
# Total-Accesses:          244075  100.00%

# L2 L2 Cache:
# L2 Load-Hits:                 5519   54.01%
# L2 Load-Misses:               4700   45.99%
# L2 Load-Accesses:            10219  100.00%
# L2 
# L2 Store-Hits:                 700   22.52%
# L2 Store-Misses:              2408   77.48%
# L2 Store-Accesses:            3108  100.00%
# L2 
# L2 Total-Hits:                6219   46.66%
# L2 Total-Misses:              7108   53.34%
# L2 Total-Accesses:           13327  100.00%

